92.208.185.84 - - [18/Apr/2026:12:59:13 +0000] "GET /insecure/rs:fit:20:0/bl:10/plain/s3://assets/00000000-0000-0000-0000-000000000001/assets/5b320bbf-e17e-4c85-b5ba-3e5559a11a48/782062_1.jpg@webp HTTP/2.0" 200 1146 "https://labong.de/" "Mozilla/5.0 (Windows NT 10.0; Win64; x64) AppleWebKit/537.36 (KHTML, like Gecko) Chrome/147.0.7727.15 Safari/537.36"
92.208.185.84 - - [18/Apr/2026:12:59:13 +0000] "GET /insecure/rs:fit:20:0/bl:10/plain/s3://assets/00000000-0000-0000-0000-000000000001/assets/60bcf5c7-d9f2-4a92-b08d-eb2eb6111921/782193_5.jpg@webp HTTP/2.0" 200 1134 "https://labong.de/" "Mozilla/5.0 (Windows NT 10.0; Win64; x64) AppleWebKit/537.36 (KHTML, like Gecko) Chrome/147.0.7727.15 Safari/537.36"
92.208.185.84 - - [18/Apr/2026:12:59:13 +0000] "GET /insecure/rs:fit:20:0/bl:10/plain/s3://assets/00000000-0000-0000-0000-000000000001/assets/3cafc126-81ee-4720-a6c0-be5a6b833a64/782081_1.jpg@webp HTTP/2.0" 200 1140 "https://labong.de/" "Mozilla/5.0 (Windows NT 10.0; Win64; x64) AppleWebKit/537.36 (KHTML, like Gecko) Chrome/147.0.7727.15 Safari/537.36"
92.208.185.84 - - [18/Apr/2026:12:59:13 +0000] "GET /insecure/rs:fit:20:0/bl:10/plain/s3://assets/00000000-0000-0000-0000-000000000001/assets/7fc72861-5e77-4a3f-9438-d79f96817e40/782241_5.jpg@webp HTTP/2.0" 200 1154 "https://labong.de/" "Mozilla/5.0 (Windows NT 10.0; Win64; x64) AppleWebKit/537.36 (KHTML, like Gecko) Chrome/147.0.7727.15 Safari/537.36"
92.208.185.84 - - [18/Apr/2026:12:59:13 +0000] "GET /insecure/rs:fit:20:0/bl:10/plain/s3://assets/00000000-0000-0000-0000-000000000001/assets/06a47706-787b-45ed-87f4-ca947db44aab/782091_1.jpg@webp HTTP/2.0" 200 1138 "https://labong.de/" "Mozilla/5.0 (Windows NT 10.0; Win64; x64) AppleWebKit/537.36 (KHTML, like Gecko) Chrome/147.0.7727.15 Safari/537.36"
92.208.185.84 - labong [18/Apr/2026:12:59:14 +0000] "GET /en?_rsc=165tf HTTP/2.0" 200 159 "https://labong.de/en/wallpapers" "Mozilla/5.0 (Windows NT 10.0; Win64; x64) AppleWebKit/537.36 (KHTML, like Gecko) Chrome/147.0.7727.15 Safari/537.36"
92.208.185.84 - labong [18/Apr/2026:12:59:14 +0000] "GET /en/room-advisor?_rsc=165tf HTTP/2.0" 200 170 "https://labong.de/en/wallpapers" "Mozilla/5.0 (Windows NT 10.0; Win64; x64) AppleWebKit/537.36 (KHTML, like Gecko) Chrome/147.0.7727.15 Safari/537.36"
92.208.185.84 - labong [18/Apr/2026:12:59:14 +0000] "GET /en/auth/login?_rsc=165tf HTTP/2.0" 200 172 "https://labong.de/en/wallpapers" "Mozilla/5.0 (Windows NT 10.0; Win64; x64) AppleWebKit/537.36 (KHTML, like Gecko) Chrome/147.0.7727.15 Safari/537.36"
92.208.185.84 - - [18/Apr/2026:12:59:14 +0000] "GET /insecure/rs:fit:640:0/plain/s3://assets/00000000-0000-0000-0000-000000000001/assets/c252f6fc-649b-4551-9e69-63c38c7a978c/782082_2.jpg@webp HTTP/2.0" 200 43712 "https://labong.de/" "Mozilla/5.0 (Windows NT 10.0; Win64; x64) AppleWebKit/537.36 (KHTML, like Gecko) Chrome/147.0.7727.15 Safari/537.36"
92.208.185.84 - labong [18/Apr/2026:12:59:14 +0000] "GET /en?_rsc=87a1f HTTP/2.0" 200 686 "https://labong.de/en/wallpapers" "Mozilla/5.0 (Windows NT 10.0; Win64; x64) AppleWebKit/537.36 (KHTML, like Gecko) Chrome/147.0.7727.15 Safari/537.36"
92.208.185.84 - labong [18/Apr/2026:12:59:14 +0000] "GET /en/room-advisor?_rsc=87a1f HTTP/2.0" 200 725 "https://labong.de/en/wallpapers" "Mozilla/5.0 (Windows NT 10.0; Win64; x64) AppleWebKit/537.36 (KHTML, like Gecko) Chrome/147.0.7727.15 Safari/537.36"
92.208.185.84 - labong [18/Apr/2026:12:59:14 +0000] "GET /en/products/tropischer-waldtraum-beige?_rsc=1fuxp HTTP/2.0" 200 12226 "https://labong.de/en/wallpapers" "Mozilla/5.0 (Windows NT 10.0; Win64; x64) AppleWebKit/537.36 (KHTML, like Gecko) Chrome/147.0.7727.15 Safari/537.36"
92.208.185.84 - labong [18/Apr/2026:12:59:14 +0000] "GET /_next/static/chunks/6239056421096cfd.js HTTP/2.0" 200 1390 "https://labong.de/en/wallpapers" "Mozilla/5.0 (Windows NT 10.0; Win64; x64) AppleWebKit/537.36 (KHTML, like Gecko) Chrome/147.0.7727.15 Safari/537.36"
92.208.185.84 - labong [18/Apr/2026:12:59:14 +0000] "GET /en/auth/login?_rsc=87a1f HTTP/2.0" 200 729 "https://labong.de/en/wallpapers" "Mozilla/5.0 (Windows NT 10.0; Win64; x64) AppleWebKit/537.36 (KHTML, like Gecko) Chrome/147.0.7727.15 Safari/537.36"
92.208.185.84 - labong [18/Apr/2026:12:59:14 +0000] "GET /_next/static/chunks/236dd04bb401d6a8.js HTTP/2.0" 200 11441 "https://labong.de/en/wallpapers" "Mozilla/5.0 (Windows NT 10.0; Win64; x64) AppleWebKit/537.36 (KHTML, like Gecko) Chrome/147.0.7727.15 Safari/537.36"
92.208.185.84 - - [18/Apr/2026:12:59:14 +0000] "GET /insecure/rs:fit:1920:0/plain/s3://assets/00000000-0000-0000-0000-000000000001/assets/bc5d1ee9-579d-4640-8b5f-1cf68aef2ee9/782082_1.jpg@webp HTTP/2.0" 200 183436 "https://labong.de/" "Mozilla/5.0 (Windows NT 10.0; Win64; x64) AppleWebKit/537.36 (KHTML, like Gecko) Chrome/147.0.7727.15 Safari/537.36"
92.208.185.84 - labong [18/Apr/2026:12:59:14 +0000] "GET /_next/static/chunks/236dd04bb401d6a8.js HTTP/2.0" 200 11441 "https://labong.de/en/products/tropischer-waldtraum-beige" "Mozilla/5.0 (Windows NT 10.0; Win64; x64) AppleWebKit/537.36 (KHTML, like Gecko) Chrome/147.0.7727.15 Safari/537.36"
92.208.185.84 - labong [18/Apr/2026:12:59:14 +0000] "GET /api/cart HTTP/2.0" 200 24 "https://labong.de/en/products/tropischer-waldtraum-beige" "Mozilla/5.0 (Windows NT 10.0; Win64; x64) AppleWebKit/537.36 (KHTML, like Gecko) Chrome/147.0.7727.15 Safari/537.36"
92.208.185.84 - labong [18/Apr/2026:12:59:14 +0000] "GET /_next/static/chunks/6239056421096cfd.js HTTP/2.0" 200 1390 "https://labong.de/en/products/tropischer-waldtraum-beige" "Mozilla/5.0 (Windows NT 10.0; Win64; x64) AppleWebKit/537.36 (KHTML, like Gecko) Chrome/147.0.7727.15 Safari/537.36"
172.18.0.6 - - [18/Apr/2026:12:59:15 +0000] "POST /store/carts HTTP/1.1" 200 613 "-" "node"
92.208.185.84 - - [18/Apr/2026:12:59:15 +0000] "GET /insecure/rs:fit:256:0/plain/s3://assets/00000000-0000-0000-0000-000000000001/assets/c252f6fc-649b-4551-9e69-63c38c7a978c/782082_2.jpg@webp HTTP/2.0" 200 12004 "https://labong.de/" "Mozilla/5.0 (Windows NT 10.0; Win64; x64) AppleWebKit/537.36 (KHTML, like Gecko) Chrome/147.0.7727.15 Safari/537.36"
92.208.185.84 - - [18/Apr/2026:12:59:15 +0000] "GET /insecure/rs:fit:256:0/plain/s3://assets/00000000-0000-0000-0000-000000000001/assets/bc5d1ee9-579d-4640-8b5f-1cf68aef2ee9/782082_1.jpg@webp HTTP/2.0" 200 11016 "https://labong.de/" "Mozilla/5.0 (Windows NT 10.0; Win64; x64) AppleWebKit/537.36 (KHTML, like Gecko) Chrome/147.0.7727.15 Safari/537.36"
92.208.185.84 - - [18/Apr/2026:12:59:15 +0000] "GET /insecure/rs:fit:256:0/plain/s3://assets/00000000-0000-0000-0000-000000000001/assets/dac629c8-0082-49a4-8030-8c66354dd021/782082_4.jpg@webp HTTP/2.0" 200 4074 "https://labong.de/" "Mozilla/5.0 (Windows NT 10.0; Win64; x64) AppleWebKit/537.36 (KHTML, like Gecko) Chrome/147.0.7727.15 Safari/537.36"
92.208.185.84 - labong [18/Apr/2026:12:59:15 +0000] "GET /_next/image?url=https%3A%2F%2Fpd.fabstack.de%2Fv1%2Fassets%2F3cafc126-81ee-4720-a6c0-be5a6b833a64%2Fpublic&w=48&q=75 HTTP/2.0" 200 880 "https://labong.de/en/products/tropischer-waldtraum-beige" "Mozilla/5.0 (Windows NT 10.0; Win64; x64) AppleWebKit/537.36 (KHTML, like Gecko) Chrome/147.0.7727.15 Safari/537.36"
92.208.185.84 - labong [18/Apr/2026:12:59:15 +0000] "GET /_next/image?url=https%3A%2F%2Fpd.fabstack.de%2Fv1%2Fassets%2Fa41efcd5-6a06-4736-8321-c5204d6f47fe%2Fpublic&w=256&q=75 HTTP/2.0" 200 4516 "https://labong.de/en/products/tropischer-waldtraum-beige" "Mozilla/5.0 (Windows NT 10.0; Win64; x64) AppleWebKit/537.36 (KHTML, like Gecko) Chrome/147.0.7727.15 Safari/537.36"
92.208.185.84 - labong [18/Apr/2026:12:59:15 +0000] "GET /_next/image?url=https%3A%2F%2Fpd.fabstack.de%2Fv1%2Fassets%2F6a5ea022-a01c-4b62-ba21-3e2c8b4a07ff%2Fpublic&w=256&q=75 HTTP/2.0" 200 4582 "https://labong.de/en/products/tropischer-waldtraum-beige" "Mozilla/5.0 (Windows NT 10.0; Win64; x64) AppleWebKit/537.36 (KHTML, like Gecko) Chrome/147.0.7727.15 Safari/537.36"
92.208.185.84 - labong [18/Apr/2026:12:59:15 +0000] "GET /_next/image?url=https%3A%2F%2Fpd.fabstack.de%2Fv1%2Fassets%2Fd8c4dcc6-0e5c-4fe5-bb2d-52253843e615%2Fpublic&w=256&q=75 HTTP/2.0" 200 4566 "https://labong.de/en/products/tropischer-waldtraum-beige" "Mozilla/5.0 (Windows NT 10.0; Win64; x64) AppleWebKit/537.36 (KHTML, like Gecko) Chrome/147.0.7727.15 Safari/537.36"
92.208.185.84 - labong [18/Apr/2026:12:59:15 +0000] "GET /_next/image?url=https%3A%2F%2Fpd.fabstack.de%2Fv1%2Fassets%2F007ded3c-904d-4165-831f-861d51b4a62b%2Fpublic&w=256&q=75 HTTP/2.0" 200 4676 "https://labong.de/en/products/tropischer-waldtraum-beige" "Mozilla/5.0 (Windows NT 10.0; Win64; x64) AppleWebKit/537.36 (KHTML, like Gecko) Chrome/147.0.7727.15 Safari/537.36"
92.208.185.84 - labong [18/Apr/2026:12:59:15 +0000] "GET /_next/image?url=https%3A%2F%2Fpd.fabstack.de%2Fv1%2Fassets%2F664da488-13a0-41bd-b8c7-42ab1446ce4d%2Fpublic&w=256&q=75 HTTP/2.0" 200 4962 "https://labong.de/en/products/tropischer-waldtraum-beige" "Mozilla/5.0 (Windows NT 10.0; Win64; x64) AppleWebKit/537.36 (KHTML, like Gecko) Chrome/147.0.7727.15 Safari/537.36"
92.208.185.84 - labong [18/Apr/2026:12:59:15 +0000] "GET /_next/image?url=https%3A%2F%2Fpd.fabstack.de%2Fv1%2Fassets%2F67c5ca4f-5bec-4e64-873d-dcb02ef3ff7e%2Fpublic&w=256&q=75 HTTP/2.0" 200 4974 "https://labong.de/en/products/tropischer-waldtraum-beige" "Mozilla/5.0 (Windows NT 10.0; Win64; x64) AppleWebKit/537.36 (KHTML, like Gecko) Chrome/147.0.7727.15 Safari/537.36"
92.208.185.84 - labong [18/Apr/2026:12:59:15 +0000] "GET /_next/image?url=https%3A%2F%2Fpd.fabstack.de%2Fv1%2Fassets%2F24cda8cf-0245-480f-8256-f70e44b37d75%2Fpublic&w=256&q=75 HTTP/2.0" 200 4772 "https://labong.de/en/products/tropischer-waldtraum-beige" "Mozilla/5.0 (Windows NT 10.0; Win64; x64) AppleWebKit/537.36 (KHTML, like Gecko) Chrome/147.0.7727.15 Safari/537.36"
92.208.185.84 - labong [18/Apr/2026:12:59:15 +0000] "GET /_next/image?url=https%3A%2F%2Fpd.fabstack.de%2Fv1%2Fassets%2F3c194336-584c-43ad-80ba-574de14940e7%2Fpublic&w=256&q=75 HTTP/2.0" 200 4982 "https://labong.de/en/products/tropischer-waldtraum-beige" "Mozilla/5.0 (Windows NT 10.0; Win64; x64) AppleWebKit/537.36 (KHTML, like Gecko) Chrome/147.0.7727.15 Safari/537.36"
92.208.185.84 - labong [18/Apr/2026:12:59:15 +0000] "GET /en/room-advisor?product=tropischer-waldtraum-beige&q=Upload+photo+%E2%80%94+find+your+wallpaper&_rsc=h9oyx HTTP/2.0" 200 241 "https://labong.de/en/products/tropischer-waldtraum-beige" "Mozilla/5.0 (Windows NT 10.0; Win64; x64) AppleWebKit/537.36 (KHTML, like Gecko) Chrome/147.0.7727.15 Safari/537.36"
92.208.185.84 - labong [18/Apr/2026:12:59:15 +0000] "GET /en/room-advisor?product=tropischer-waldtraum-beige&q=Is+this+suitable+for+a+bathroom%3F&_rsc=h9oyx HTTP/2.0" 200 237 "https://labong.de/en/products/tropischer-waldtraum-beige" "Mozilla/5.0 (Windows NT 10.0; Win64; x64) AppleWebKit/537.36 (KHTML, like Gecko) Chrome/147.0.7727.15 Safari/537.36"
92.208.185.84 - labong [18/Apr/2026:12:59:15 +0000] "GET /en/room-advisor?product=tropischer-waldtraum-beige&q=How+many+rolls+do+I+need%3F&_rsc=h9oyx HTTP/2.0" 200 232 "https://labong.de/en/products/tropischer-waldtraum-beige" "Mozilla/5.0 (Windows NT 10.0; Win64; x64) AppleWebKit/537.36 (KHTML, like Gecko) Chrome/147.0.7727.15 Safari/537.36"
92.208.185.84 - labong [18/Apr/2026:12:59:15 +0000] "GET /en/room-advisor?product=tropischer-waldtraum-beige&q=Which+wall+paint+goes+with+this%3F&_rsc=h9oyx HTTP/2.0" 200 234 "https://labong.de/en/products/tropischer-waldtraum-beige" "Mozilla/5.0 (Windows NT 10.0; Win64; x64) AppleWebKit/537.36 (KHTML, like Gecko) Chrome/147.0.7727.15 Safari/537.36"
172.18.0.6 - - [18/Apr/2026:12:59:15 +0000] "POST /store/carts/cart_01KPGAS23YTA3W3EB35SCNCEZ2/line-items HTTP/1.1" 200 1921 "-" "node"
92.208.185.84 - labong [18/Apr/2026:12:59:15 +0000] "GET /?_rsc=h9oyx HTTP/2.0" 307 3 "https://labong.de/en/products/tropischer-waldtraum-beige" "Mozilla/5.0 (Windows NT 10.0; Win64; x64) AppleWebKit/537.36 (KHTML, like Gecko) Chrome/147.0.7727.15 Safari/537.36"
92.208.185.84 - labong [18/Apr/2026:12:59:15 +0000] "GET /en/wallpapers?_rsc=h9oyx HTTP/2.0" 200 168 "https://labong.de/en/products/tropischer-waldtraum-beige" "Mozilla/5.0 (Windows NT 10.0; Win64; x64) AppleWebKit/537.36 (KHTML, like Gecko) Chrome/147.0.7727.15 Safari/537.36"
92.208.185.84 - labong [18/Apr/2026:12:59:15 +0000] "GET /en/room-advisor?product=tropischer-waldtraum-beige&q=Upload+photo+%E2%80%94+find+your+wallpaper&_rsc=248o1 HTTP/2.0" 200 840 "https://labong.de/en/products/tropischer-waldtraum-beige" "Mozilla/5.0 (Windows NT 10.0; Win64; x64) AppleWebKit/537.36 (KHTML, like Gecko) Chrome/147.0.7727.15 Safari/537.36"
92.208.185.84 - labong [18/Apr/2026:12:59:15 +0000] "POST /en/products/tropischer-waldtraum-beige HTTP/2.0" 200 23059 "https://labong.de/en/products/tropischer-waldtraum-beige" "Mozilla/5.0 (Windows NT 10.0; Win64; x64) AppleWebKit/537.36 (KHTML, like Gecko) Chrome/147.0.7727.15 Safari/537.36"
92.208.185.84 - labong [18/Apr/2026:12:59:15 +0000] "GET /en/room-advisor?product=tropischer-waldtraum-beige&q=Is+this+suitable+for+a+bathroom%3F&_rsc=248o1 HTTP/2.0" 200 824 "https://labong.de/en/products/tropischer-waldtraum-beige" "Mozilla/5.0 (Windows NT 10.0; Win64; x64) AppleWebKit/537.36 (KHTML, like Gecko) Chrome/147.0.7727.15 Safari/537.36"
92.208.185.84 - labong [18/Apr/2026:12:59:15 +0000] "GET /en HTTP/2.0" 200 159 "https://labong.de/en/products/tropischer-waldtraum-beige" "Mozilla/5.0 (Windows NT 10.0; Win64; x64) AppleWebKit/537.36 (KHTML, like Gecko) Chrome/147.0.7727.15 Safari/537.36"
92.208.185.84 - labong [18/Apr/2026:12:59:15 +0000] "GET /en/room-advisor?product=tropischer-waldtraum-beige&q=How+many+rolls+do+I+need%3F&_rsc=248o1 HTTP/2.0" 200 822 "https://labong.de/en/products/tropischer-waldtraum-beige" "Mozilla/5.0 (Windows NT 10.0; Win64; x64) AppleWebKit/537.36 (KHTML, like Gecko) Chrome/147.0.7727.15 Safari/537.36"
172.18.0.6 - - [18/Apr/2026:12:59:15 +0000] "GET /store/carts/cart_01KPGAS23YTA3W3EB35SCNCEZ2 HTTP/1.1" 200 1921 "-" "node"
92.208.185.84 - labong [18/Apr/2026:12:59:15 +0000] "GET /api/cart HTTP/2.0" 200 362 "https://labong.de/en/products/tropischer-waldtraum-beige" "Mozilla/5.0 (Windows NT 10.0; Win64; x64) AppleWebKit/537.36 (KHTML, like Gecko) Chrome/147.0.7727.15 Safari/537.36"
92.208.185.84 - labong [18/Apr/2026:12:59:15 +0000] "GET /_next/image?url=https%3A%2F%2Fpd.fabstack.de%2Fv1%2Fassets%2Fbc5d1ee9-579d-4640-8b5f-1cf68aef2ee9%2Fpublic&w=96&q=75 HTTP/2.0" 200 2234 "https://labong.de/en/products/tropischer-waldtraum-beige" "Mozilla/5.0 (Windows NT 10.0; Win64; x64) AppleWebKit/537.36 (KHTML, like Gecko) Chrome/147.0.7727.15 Safari/537.36"
92.208.185.84 - labong [18/Apr/2026:12:59:15 +0000] "GET /en/room-advisor?product=tropischer-waldtraum-beige&q=Is+this+suitable+for+a+bathroom%3F&_rsc=h9oyx HTTP/2.0" 200 237 "https://labong.de/en/products/tropischer-waldtraum-beige" "Mozilla/5.0 (Windows NT 10.0; Win64; x64) AppleWebKit/537.36 (KHTML, like Gecko) Chrome/147.0.7727.15 Safari/537.36"
92.208.185.84 - labong [18/Apr/2026:12:59:15 +0000] "GET /en/cart?_rsc=h9oyx HTTP/2.0" 200 166 "https://labong.de/en/products/tropischer-waldtraum-beige" "Mozilla/5.0 (Windows NT 10.0; Win64; x64) AppleWebKit/537.36 (KHTML, like Gecko) Chrome/147.0.7727.15 Safari/537.36"
92.208.185.84 - labong [18/Apr/2026:12:59:15 +0000] "GET /en/products/tropischer-waldtraum-beige?_rsc=h9oyx HTTP/2.0" 200 193 "https://labong.de/en/products/tropischer-waldtraum-beige" "Mozilla/5.0 (Windows NT 10.0; Win64; x64) AppleWebKit/537.36 (KHTML, like Gecko) Chrome/147.0.7727.15 Safari/537.36"
92.208.185.84 - labong [18/Apr/2026:12:59:15 +0000] "GET /en/room-advisor?product=tropischer-waldtraum-beige&q=Upload+photo+%E2%80%94+find+your+wallpaper&_rsc=h9oyx HTTP/2.0" 200 241 "https://labong.de/en/products/tropischer-waldtraum-beige" "Mozilla/5.0 (Windows NT 10.0; Win64; x64) AppleWebKit/537.36 (KHTML, like Gecko) Chrome/147.0.7727.15 Safari/537.36"
52.180.146.145 - - [18/Apr/2026:13:00:53 +0000] "GET /developmentserver/metadatauploader HTTP/1.1" 301 178 "-" "Mozilla/5.0 zgrab/0.x"
46.151.178.13 - - [18/Apr/2026:13:07:33 +0000] "PROPFIND / HTTP/1.1" 404 1 "http://178.104.10.221:443/" "-"
172.18.0.6 - - [18/Apr/2026:13:08:07 +0000] "GET /store/carts/cart_01KPG6M25B0V066JJVBQT6SZAX HTTP/1.1" 200 612 "-" "node"
80.187.125.162 - labong [18/Apr/2026:13:08:07 +0000] "GET /api/cart HTTP/2.0" 200 136 "https://labong.de/products/koralle-pink" "Mozilla/5.0 (iPhone; CPU iPhone OS 18_7 like Mac OS X) AppleWebKit/605.1.15 (KHTML, like Gecko) Version/26.3 Mobile/15E148 Safari/604.1"
80.187.125.162 - labong [18/Apr/2026:13:08:09 +0000] "GET /products/koralle-pink HTTP/2.0" 200 33397 "https://labong.de/raumberater?q=Welche+Tapete+passt+zu+mir%3F+Beratet+mich&category=wallpaper" "Mozilla/5.0 (iPhone; CPU iPhone OS 18_7 like Mac OS X) AppleWebKit/605.1.15 (KHTML, like Gecko) Version/26.3 Mobile/15E148 Safari/604.1"
80.187.125.162 - labong [18/Apr/2026:13:08:09 +0000] "GET /_next/static/chunks/f76ed1461585ef88.css HTTP/2.0" 200 10732 "https://labong.de/products/koralle-pink" "Mozilla/5.0 (iPhone; CPU iPhone OS 18_7 like Mac OS X) AppleWebKit/605.1.15 (KHTML, like Gecko) Version/26.3 Mobile/15E148 Safari/604.1"
80.187.125.162 - labong [18/Apr/2026:13:08:09 +0000] "GET /_next/static/chunks/56b7d3a95edf544e.js HTTP/2.0" 200 16634 "https://labong.de/products/koralle-pink" "Mozilla/5.0 (iPhone; CPU iPhone OS 18_7 like Mac OS X) AppleWebKit/605.1.15 (KHTML, like Gecko) Version/26.3 Mobile/15E148 Safari/604.1"
80.187.125.162 - labong [18/Apr/2026:13:08:09 +0000] "GET /_next/static/chunks/376986e59c4fbac9.js HTTP/2.0" 200 14194 "https://labong.de/products/koralle-pink" "Mozilla/5.0 (iPhone; CPU iPhone OS 18_7 like Mac OS X) AppleWebKit/605.1.15 (KHTML, like Gecko) Version/26.3 Mobile/15E148 Safari/604.1"
80.187.125.162 - labong [18/Apr/2026:13:08:09 +0000] "GET /_next/static/chunks/1de3187adb735d8d.js HTTP/2.0" 200 11837 "https://labong.de/products/koralle-pink" "Mozilla/5.0 (iPhone; CPU iPhone OS 18_7 like Mac OS X) AppleWebKit/605.1.15 (KHTML, like Gecko) Version/26.3 Mobile/15E148 Safari/604.1"
80.187.125.162 - labong [18/Apr/2026:13:08:09 +0000] "GET /_next/static/chunks/236dd04bb401d6a8.js HTTP/2.0" 200 11441 "https://labong.de/products/koralle-pink" "Mozilla/5.0 (iPhone; CPU iPhone OS 18_7 like Mac OS X) AppleWebKit/605.1.15 (KHTML, like Gecko) Version/26.3 Mobile/15E148 Safari/604.1"
80.187.125.162 - labong [18/Apr/2026:13:08:10 +0000] "GET /api/auth/me HTTP/2.0" 401 17 "https://labong.de/products/koralle-pink" "Mozilla/5.0 (iPhone; CPU iPhone OS 18_7 like Mac OS X) AppleWebKit/605.1.15 (KHTML, like Gecko) Version/26.3 Mobile/15E148 Safari/604.1"
80.187.125.162 - labong [18/Apr/2026:13:08:10 +0000] "GET /?_rsc=12muj HTTP/2.0" 200 158 "https://labong.de/products/koralle-pink" "Mozilla/5.0 (iPhone; CPU iPhone OS 18_7 like Mac OS X) AppleWebKit/605.1.15 (KHTML, like Gecko) Version/26.3 Mobile/15E148 Safari/604.1"
80.187.125.162 - labong [18/Apr/2026:13:08:10 +0000] "GET /tapeten?_rsc=12muj HTTP/2.0" 200 166 "https://labong.de/products/koralle-pink" "Mozilla/5.0 (iPhone; CPU iPhone OS 18_7 like Mac OS X) AppleWebKit/605.1.15 (KHTML, like Gecko) Version/26.3 Mobile/15E148 Safari/604.1"
80.187.125.162 - labong [18/Apr/2026:13:08:10 +0000] "GET /auth/login?_rsc=12muj HTTP/2.0" 200 169 "https://labong.de/products/koralle-pink" "Mozilla/5.0 (iPhone; CPU iPhone OS 18_7 like Mac OS X) AppleWebKit/605.1.15 (KHTML, like Gecko) Version/26.3 Mobile/15E148 Safari/604.1"
80.187.125.162 - labong [18/Apr/2026:13:08:10 +0000] "GET /?_rsc=1qbld HTTP/2.0" 200 684 "https://labong.de/products/koralle-pink" "Mozilla/5.0 (iPhone; CPU iPhone OS 18_7 like Mac OS X) AppleWebKit/605.1.15 (KHTML, like Gecko) Version/26.3 Mobile/15E148 Safari/604.1"
172.18.0.6 - - [18/Apr/2026:13:08:10 +0000] "GET /store/carts/cart_01KPG6M25B0V066JJVBQT6SZAX HTTP/1.1" 200 612 "-" "node"
80.187.125.162 - labong [18/Apr/2026:13:08:10 +0000] "GET /api/cart HTTP/2.0" 200 136 "https://labong.de/products/koralle-pink" "Mozilla/5.0 (iPhone; CPU iPhone OS 18_7 like Mac OS X) AppleWebKit/605.1.15 (KHTML, like Gecko) Version/26.3 Mobile/15E148 Safari/604.1"
80.187.125.162 - labong [18/Apr/2026:13:08:10 +0000] "GET /auth/login?_rsc=1qbld HTTP/2.0" 200 724 "https://labong.de/products/koralle-pink" "Mozilla/5.0 (iPhone; CPU iPhone OS 18_7 like Mac OS X) AppleWebKit/605.1.15 (KHTML, like Gecko) Version/26.3 Mobile/15E148 Safari/604.1"
80.187.125.162 - labong [18/Apr/2026:13:08:10 +0000] "GET /tapeten?_rsc=1qbld HTTP/2.0" 200 743 "https://labong.de/products/koralle-pink" "Mozilla/5.0 (iPhone; CPU iPhone OS 18_7 like Mac OS X) AppleWebKit/605.1.15 (KHTML, like Gecko) Version/26.3 Mobile/15E148 Safari/604.1"
172.18.0.6 - - [18/Apr/2026:13:08:11 +0000] "GET /store/carts/cart_01KPG6M25B0V066JJVBQT6SZAX HTTP/1.1" 200 612 "-" "node"
172.18.0.6 - - [18/Apr/2026:13:08:11 +0000] "POST /store/carts/cart_01KPG6M25B0V066JJVBQT6SZAX/line-items HTTP/1.1" 200 1857 "-" "node"
80.187.125.162 - labong [18/Apr/2026:13:08:11 +0000] "POST /products/koralle-pink HTTP/2.0" 200 25397 "https://labong.de/products/koralle-pink" "Mozilla/5.0 (iPhone; CPU iPhone OS 18_7 like Mac OS X) AppleWebKit/605.1.15 (KHTML, like Gecko) Version/26.3 Mobile/15E148 Safari/604.1"
172.18.0.6 - - [18/Apr/2026:13:08:11 +0000] "GET /store/carts/cart_01KPG6M25B0V066JJVBQT6SZAX HTTP/1.1" 200 1857 "-" "node"
80.187.125.162 - labong [18/Apr/2026:13:08:11 +0000] "GET /api/cart HTTP/2.0" 200 347 "https://labong.de/products/koralle-pink" "Mozilla/5.0 (iPhone; CPU iPhone OS 18_7 like Mac OS X) AppleWebKit/605.1.15 (KHTML, like Gecko) Version/26.3 Mobile/15E148 Safari/604.1"
80.187.125.162 - labong [18/Apr/2026:13:08:11 +0000] "GET /_next/image?url=https%3A%2F%2Fpd.fabstack.de%2Fv1%2Fassets%2F7d7b41e8-7b45-4a1d-b8ff-361d34dd8b22%2Fpublic&w=256&q=75 HTTP/2.0" 200 8422 "https://labong.de/products/koralle-pink" "Mozilla/5.0 (iPhone; CPU iPhone OS 18_7 like Mac OS X) AppleWebKit/605.1.15 (KHTML, like Gecko) Version/26.3 Mobile/15E148 Safari/604.1"
80.187.125.162 - labong [18/Apr/2026:13:08:12 +0000] "GET /de/cart?_rsc=12muj HTTP/2.0" 307 10 "https://labong.de/products/koralle-pink" "Mozilla/5.0 (iPhone; CPU iPhone OS 18_7 like Mac OS X) AppleWebKit/605.1.15 (KHTML, like Gecko) Version/26.3 Mobile/15E148 Safari/604.1"
80.187.125.162 - labong [18/Apr/2026:13:08:12 +0000] "GET /de/products/koralle-pink?_rsc=12muj HTTP/2.0" 307 22 "https://labong.de/products/koralle-pink" "Mozilla/5.0 (iPhone; CPU iPhone OS 18_7 like Mac OS X) AppleWebKit/605.1.15 (KHTML, like Gecko) Version/26.3 Mobile/15E148 Safari/604.1"
80.187.125.162 - labong [18/Apr/2026:13:08:12 +0000] "GET /tapeten?_rsc=12muj HTTP/2.0" 200 166 "https://labong.de/products/koralle-pink" "Mozilla/5.0 (iPhone; CPU iPhone OS 18_7 like Mac OS X) AppleWebKit/605.1.15 (KHTML, like Gecko) Version/26.3 Mobile/15E148 Safari/604.1"
80.187.125.162 - labong [18/Apr/2026:13:08:12 +0000] "GET /?_rsc=12muj HTTP/2.0" 200 158 "https://labong.de/products/koralle-pink" "Mozilla/5.0 (iPhone; CPU iPhone OS 18_7 like Mac OS X) AppleWebKit/605.1.15 (KHTML, like Gecko) Version/26.3 Mobile/15E148 Safari/604.1"
80.187.125.162 - labong [18/Apr/2026:13:08:12 +0000] "GET /warenkorb HTTP/2.0" 200 163 "https://labong.de/products/koralle-pink" "Mozilla/5.0 (iPhone; CPU iPhone OS 18_7 like Mac OS X) AppleWebKit/605.1.15 (KHTML, like Gecko) Version/26.3 Mobile/15E148 Safari/604.1"
80.187.125.162 - labong [18/Apr/2026:13:08:12 +0000] "GET /products/koralle-pink HTTP/2.0" 200 184 "https://labong.de/products/koralle-pink" "Mozilla/5.0 (iPhone; CPU iPhone OS 18_7 like Mac OS X) AppleWebKit/605.1.15 (KHTML, like Gecko) Version/26.3 Mobile/15E148 Safari/604.1"
80.187.125.162 - labong [18/Apr/2026:13:08:12 +0000] "GET /auth/login?_rsc=12muj HTTP/2.0" 200 169 "https://labong.de/products/koralle-pink" "Mozilla/5.0 (iPhone; CPU iPhone OS 18_7 like Mac OS X) AppleWebKit/605.1.15 (KHTML, like Gecko) Version/26.3 Mobile/15E148 Safari/604.1"
80.187.125.162 - labong [18/Apr/2026:13:08:12 +0000] "GET /tapeten?_rsc=1qbld HTTP/2.0" 200 737 "https://labong.de/products/koralle-pink" "Mozilla/5.0 (iPhone; CPU iPhone OS 18_7 like Mac OS X) AppleWebKit/605.1.15 (KHTML, like Gecko) Version/26.3 Mobile/15E148 Safari/604.1"
80.187.125.162 - labong [18/Apr/2026:13:08:12 +0000] "GET /warenkorb?_rsc=1qbld HTTP/2.0" 200 678 "https://labong.de/products/koralle-pink" "Mozilla/5.0 (iPhone; CPU iPhone OS 18_7 like Mac OS X) AppleWebKit/605.1.15 (KHTML, like Gecko) Version/26.3 Mobile/15E148 Safari/604.1"
80.187.125.162 - labong [18/Apr/2026:13:08:12 +0000] "GET /?_rsc=1qbld HTTP/2.0" 200 686 "https://labong.de/products/koralle-pink" "Mozilla/5.0 (iPhone; CPU iPhone OS 18_7 like Mac OS X) AppleWebKit/605.1.15 (KHTML, like Gecko) Version/26.3 Mobile/15E148 Safari/604.1"
80.187.125.162 - labong [18/Apr/2026:13:08:12 +0000] "GET /auth/login?_rsc=1qbld HTTP/2.0" 200 727 "https://labong.de/products/koralle-pink" "Mozilla/5.0 (iPhone; CPU iPhone OS 18_7 like Mac OS X) AppleWebKit/605.1.15 (KHTML, like Gecko) Version/26.3 Mobile/15E148 Safari/604.1"
80.187.125.162 - labong [18/Apr/2026:13:08:12 +0000] "GET /products/koralle-pink?_rsc=1qbld HTTP/2.0" 200 820 "https://labong.de/products/koralle-pink" "Mozilla/5.0 (iPhone; CPU iPhone OS 18_7 like Mac OS X) AppleWebKit/605.1.15 (KHTML, like Gecko) Version/26.3 Mobile/15E148 Safari/604.1"
172.18.0.6 - - [18/Apr/2026:13:08:13 +0000] "GET /store/carts/cart_01KPG6M25B0V066JJVBQT6SZAX HTTP/1.1" 200 1857 "-" "node"
172.18.0.6 - - [18/Apr/2026:13:08:13 +0000] "POST /store/carts/cart_01KPG6M25B0V066JJVBQT6SZAX/line-items/cali_01KPGB9E5T4PCCTDZCZR6HCNCK HTTP/1.1" 200 1864 "-" "node"
80.187.125.162 - labong [18/Apr/2026:13:08:13 +0000] "POST /products/koralle-pink HTTP/2.0" 200 25397 "https://labong.de/products/koralle-pink" "Mozilla/5.0 (iPhone; CPU iPhone OS 18_7 like Mac OS X) AppleWebKit/605.1.15 (KHTML, like Gecko) Version/26.3 Mobile/15E148 Safari/604.1"
172.18.0.6 - - [18/Apr/2026:13:08:14 +0000] "GET /store/carts/cart_01KPG6M25B0V066JJVBQT6SZAX HTTP/1.1" 200 1864 "-" "node"
80.187.125.162 - labong [18/Apr/2026:13:08:14 +0000] "GET /api/cart HTTP/2.0" 200 351 "https://labong.de/products/koralle-pink" "Mozilla/5.0 (iPhone; CPU iPhone OS 18_7 like Mac OS X) AppleWebKit/605.1.15 (KHTML, like Gecko) Version/26.3 Mobile/15E148 Safari/604.1"
80.187.125.162 - labong [18/Apr/2026:13:08:14 +0000] "GET /de/cart?_rsc=12muj HTTP/2.0" 307 10 "https://labong.de/products/koralle-pink" "Mozilla/5.0 (iPhone; CPU iPhone OS 18_7 like Mac OS X) AppleWebKit/605.1.15 (KHTML, like Gecko) Version/26.3 Mobile/15E148 Safari/604.1"
80.187.125.162 - labong [18/Apr/2026:13:08:14 +0000] "GET /de/products/koralle-pink?_rsc=12muj HTTP/2.0" 307 22 "https://labong.de/products/koralle-pink" "Mozilla/5.0 (iPhone; CPU iPhone OS 18_7 like Mac OS X) AppleWebKit/605.1.15 (KHTML, like Gecko) Version/26.3 Mobile/15E148 Safari/604.1"
80.187.125.162 - labong [18/Apr/2026:13:08:14 +0000] "GET /tapeten?_rsc=12muj HTTP/2.0" 200 166 "https://labong.de/products/koralle-pink" "Mozilla/5.0 (iPhone; CPU iPhone OS 18_7 like Mac OS X) AppleWebKit/605.1.15 (KHTML, like Gecko) Version/26.3 Mobile/15E148 Safari/604.1"
80.187.125.162 - labong [18/Apr/2026:13:08:14 +0000] "GET /?_rsc=12muj HTTP/2.0" 200 158 "https://labong.de/products/koralle-pink" "Mozilla/5.0 (iPhone; CPU iPhone OS 18_7 like Mac OS X) AppleWebKit/605.1.15 (KHTML, like Gecko) Version/26.3 Mobile/15E148 Safari/604.1"
80.187.125.162 - labong [18/Apr/2026:13:08:14 +0000] "GET /warenkorb HTTP/2.0" 200 163 "https://labong.de/products/koralle-pink" "Mozilla/5.0 (iPhone; CPU iPhone OS 18_7 like Mac OS X) AppleWebKit/605.1.15 (KHTML, like Gecko) Version/26.3 Mobile/15E148 Safari/604.1"
80.187.125.162 - labong [18/Apr/2026:13:08:14 +0000] "GET /products/koralle-pink HTTP/2.0" 200 184 "https://labong.de/products/koralle-pink" "Mozilla/5.0 (iPhone; CPU iPhone OS 18_7 like Mac OS X) AppleWebKit/605.1.15 (KHTML, like Gecko) Version/26.3 Mobile/15E148 Safari/604.1"
80.187.125.162 - labong [18/Apr/2026:13:08:14 +0000] "GET /auth/login?_rsc=12muj HTTP/2.0" 200 169 "https://labong.de/products/koralle-pink" "Mozilla/5.0 (iPhone; CPU iPhone OS 18_7 like Mac OS X) AppleWebKit/605.1.15 (KHTML, like Gecko) Version/26.3 Mobile/15E148 Safari/604.1"
80.187.125.162 - labong [18/Apr/2026:13:08:14 +0000] "GET /tapeten?_rsc=1qbld HTTP/2.0" 200 739 "https://labong.de/products/koralle-pink" "Mozilla/5.0 (iPhone; CPU iPhone OS 18_7 like Mac OS X) AppleWebKit/605.1.15 (KHTML, like Gecko) Version/26.3 Mobile/15E148 Safari/604.1"
172.18.0.6 - - [18/Apr/2026:13:08:14 +0000] "GET /store/carts/cart_01KPG6M25B0V066JJVBQT6SZAX HTTP/1.1" 200 1864 "-" "node"
80.187.125.162 - labong [18/Apr/2026:13:08:14 +0000] "GET /warenkorb?_rsc=1qbld HTTP/2.0" 200 681 "https://labong.de/products/koralle-pink" "Mozilla/5.0 (iPhone; CPU iPhone OS 18_7 like Mac OS X) AppleWebKit/605.1.15 (KHTML, like Gecko) Version/26.3 Mobile/15E148 Safari/604.1"
80.187.125.162 - labong [18/Apr/2026:13:08:14 +0000] "GET /products/koralle-pink?_rsc=1qbld HTTP/2.0" 200 822 "https://labong.de/products/koralle-pink" "Mozilla/5.0 (iPhone; CPU iPhone OS 18_7 like Mac OS X) AppleWebKit/605.1.15 (KHTML, like Gecko) Version/26.3 Mobile/15E148 Safari/604.1"
80.187.125.162 - labong [18/Apr/2026:13:08:14 +0000] "GET /auth/login?_rsc=1qbld HTTP/2.0" 200 727 "https://labong.de/products/koralle-pink" "Mozilla/5.0 (iPhone; CPU iPhone OS 18_7 like Mac OS X) AppleWebKit/605.1.15 (KHTML, like Gecko) Version/26.3 Mobile/15E148 Safari/604.1"
80.187.125.162 - labong [18/Apr/2026:13:08:14 +0000] "GET /?_rsc=1qbld HTTP/2.0" 200 683 "https://labong.de/products/koralle-pink" "Mozilla/5.0 (iPhone; CPU iPhone OS 18_7 like Mac OS X) AppleWebKit/605.1.15 (KHTML, like Gecko) Version/26.3 Mobile/15E148 Safari/604.1"
172.18.0.6 - - [18/Apr/2026:13:08:14 +0000] "POST /store/carts/cart_01KPG6M25B0V066JJVBQT6SZAX/line-items/cali_01KPGB9E5T4PCCTDZCZR6HCNCK HTTP/1.1" 200 1865 "-" "node"
80.187.125.162 - labong [18/Apr/2026:13:08:14 +0000] "POST /products/koralle-pink HTTP/2.0" 200 25401 "https://labong.de/products/koralle-pink" "Mozilla/5.0 (iPhone; CPU iPhone OS 18_7 like Mac OS X) AppleWebKit/605.1.15 (KHTML, like Gecko) Version/26.3 Mobile/15E148 Safari/604.1"
172.18.0.6 - - [18/Apr/2026:13:08:14 +0000] "GET /store/carts/cart_01KPG6M25B0V066JJVBQT6SZAX HTTP/1.1" 200 1865 "-" "node"
80.187.125.162 - labong [18/Apr/2026:13:08:14 +0000] "GET /api/cart HTTP/2.0" 200 352 "https://labong.de/products/koralle-pink" "Mozilla/5.0 (iPhone; CPU iPhone OS 18_7 like Mac OS X) AppleWebKit/605.1.15 (KHTML, like Gecko) Version/26.3 Mobile/15E148 Safari/604.1"
80.187.125.162 - labong [18/Apr/2026:13:08:15 +0000] "GET /de/cart?_rsc=12muj HTTP/2.0" 307 10 "https://labong.de/products/koralle-pink" "Mozilla/5.0 (iPhone; CPU iPhone OS 18_7 like Mac OS X) AppleWebKit/605.1.15 (KHTML, like Gecko) Version/26.3 Mobile/15E148 Safari/604.1"
80.187.125.162 - labong [18/Apr/2026:13:08:15 +0000] "GET /de/products/koralle-pink?_rsc=12muj HTTP/2.0" 307 22 "https://labong.de/products/koralle-pink" "Mozilla/5.0 (iPhone; CPU iPhone OS 18_7 like Mac OS X) AppleWebKit/605.1.15 (KHTML, like Gecko) Version/26.3 Mobile/15E148 Safari/604.1"
80.187.125.162 - labong [18/Apr/2026:13:08:15 +0000] "GET /tapeten?_rsc=12muj HTTP/2.0" 200 166 "https://labong.de/products/koralle-pink" "Mozilla/5.0 (iPhone; CPU iPhone OS 18_7 like Mac OS X) AppleWebKit/605.1.15 (KHTML, like Gecko) Version/26.3 Mobile/15E148 Safari/604.1"
80.187.125.162 - labong [18/Apr/2026:13:08:15 +0000] "GET /?_rsc=12muj HTTP/2.0" 200 158 "https://labong.de/products/koralle-pink" "Mozilla/5.0 (iPhone; CPU iPhone OS 18_7 like Mac OS X) AppleWebKit/605.1.15 (KHTML, like Gecko) Version/26.3 Mobile/15E148 Safari/604.1"
80.187.125.162 - labong [18/Apr/2026:13:08:15 +0000] "GET /warenkorb HTTP/2.0" 200 163 "https://labong.de/products/koralle-pink" "Mozilla/5.0 (iPhone; CPU iPhone OS 18_7 like Mac OS X) AppleWebKit/605.1.15 (KHTML, like Gecko) Version/26.3 Mobile/15E148 Safari/604.1"
80.187.125.162 - labong [18/Apr/2026:13:08:15 +0000] "GET /products/koralle-pink HTTP/2.0" 200 184 "https://labong.de/products/koralle-pink" "Mozilla/5.0 (iPhone; CPU iPhone OS 18_7 like Mac OS X) AppleWebKit/605.1.15 (KHTML, like Gecko) Version/26.3 Mobile/15E148 Safari/604.1"
80.187.125.162 - labong [18/Apr/2026:13:08:15 +0000] "GET /auth/login?_rsc=12muj HTTP/2.0" 200 169 "https://labong.de/products/koralle-pink" "Mozilla/5.0 (iPhone; CPU iPhone OS 18_7 like Mac OS X) AppleWebKit/605.1.15 (KHTML, like Gecko) Version/26.3 Mobile/15E148 Safari/604.1"
80.187.125.162 - labong [18/Apr/2026:13:08:15 +0000] "GET /tapeten?_rsc=1qbld HTTP/2.0" 200 742 "https://labong.de/products/koralle-pink" "Mozilla/5.0 (iPhone; CPU iPhone OS 18_7 like Mac OS X) AppleWebKit/605.1.15 (KHTML, like Gecko) Version/26.3 Mobile/15E148 Safari/604.1"
80.187.125.162 - labong [18/Apr/2026:13:08:15 +0000] "GET /warenkorb?_rsc=1qbld HTTP/2.0" 200 679 "https://labong.de/products/koralle-pink" "Mozilla/5.0 (iPhone; CPU iPhone OS 18_7 like Mac OS X) AppleWebKit/605.1.15 (KHTML, like Gecko) Version/26.3 Mobile/15E148 Safari/604.1"
80.187.125.162 - labong [18/Apr/2026:13:08:15 +0000] "GET /auth/login?_rsc=1qbld HTTP/2.0" 200 726 "https://labong.de/products/koralle-pink" "Mozilla/5.0 (iPhone; CPU iPhone OS 18_7 like Mac OS X) AppleWebKit/605.1.15 (KHTML, like Gecko) Version/26.3 Mobile/15E148 Safari/604.1"
80.187.125.162 - labong [18/Apr/2026:13:08:15 +0000] "GET /products/koralle-pink?_rsc=1qbld HTTP/2.0" 200 821 "https://labong.de/products/koralle-pink" "Mozilla/5.0 (iPhone; CPU iPhone OS 18_7 like Mac OS X) AppleWebKit/605.1.15 (KHTML, like Gecko) Version/26.3 Mobile/15E148 Safari/604.1"
80.187.125.162 - labong [18/Apr/2026:13:08:15 +0000] "GET /?_rsc=1qbld HTTP/2.0" 200 687 "https://labong.de/products/koralle-pink" "Mozilla/5.0 (iPhone; CPU iPhone OS 18_7 like Mac OS X) AppleWebKit/605.1.15 (KHTML, like Gecko) Version/26.3 Mobile/15E148 Safari/604.1"
80.187.125.162 - labong [18/Apr/2026:13:08:15 +0000] "GET /de/cart?_rsc=g1mfg HTTP/2.0" 307 10 "https://labong.de/products/koralle-pink" "Mozilla/5.0 (iPhone; CPU iPhone OS 18_7 like Mac OS X) AppleWebKit/605.1.15 (KHTML, like Gecko) Version/26.3 Mobile/15E148 Safari/604.1"
172.18.0.6 - - [18/Apr/2026:13:08:15 +0000] "GET /store/carts/cart_01KPG6M25B0V066JJVBQT6SZAX HTTP/1.1" 200 1865 "-" "node"
80.187.125.162 - labong [18/Apr/2026:13:08:15 +0000] "GET /warenkorb HTTP/2.0" 200 2967 "https://labong.de/products/koralle-pink" "Mozilla/5.0 (iPhone; CPU iPhone OS 18_7 like Mac OS X) AppleWebKit/605.1.15 (KHTML, like Gecko) Version/26.3 Mobile/15E148 Safari/604.1"
80.187.125.162 - labong [18/Apr/2026:13:08:15 +0000] "GET /_next/static/chunks/cfd5d90a40c26b9d.js HTTP/2.0" 200 949 "https://labong.de/products/koralle-pink" "Mozilla/5.0 (iPhone; CPU iPhone OS 18_7 like Mac OS X) AppleWebKit/605.1.15 (KHTML, like Gecko) Version/26.3 Mobile/15E148 Safari/604.1"
80.187.125.162 - labong [18/Apr/2026:13:08:16 +0000] "GET /api/auth/me HTTP/2.0" 401 17 "https://labong.de/warenkorb" "Mozilla/5.0 (iPhone; CPU iPhone OS 18_7 like Mac OS X) AppleWebKit/605.1.15 (KHTML, like Gecko) Version/26.3 Mobile/15E148 Safari/604.1"
172.18.0.6 - - [18/Apr/2026:13:08:16 +0000] "GET /store/carts/cart_01KPG6M25B0V066JJVBQT6SZAX HTTP/1.1" 200 1865 "-" "node"
80.187.125.162 - labong [18/Apr/2026:13:08:16 +0000] "GET /api/cart HTTP/2.0" 200 352 "https://labong.de/warenkorb" "Mozilla/5.0 (iPhone; CPU iPhone OS 18_7 like Mac OS X) AppleWebKit/605.1.15 (KHTML, like Gecko) Version/26.3 Mobile/15E148 Safari/604.1"
92.208.185.84 - - [18/Apr/2026:13:10:29 +0000] "POST /api/auth/register HTTP/1.1" 401 590 "-" "Mozilla/5.0 (Windows NT 10.0; Win64; x64) AppleWebKit/537.36 (KHTML, like Gecko) Chrome/147.0.7727.15 Safari/537.36"
92.208.185.84 - labong [18/Apr/2026:13:10:29 +0000] "POST /api/auth/register HTTP/1.1" 200 47 "-" "Mozilla/5.0 (Windows NT 10.0; Win64; x64) AppleWebKit/537.36 (KHTML, like Gecko) Chrome/147.0.7727.15 Safari/537.36"
92.208.185.84 - - [18/Apr/2026:13:10:29 +0000] "GET /tapeten HTTP/2.0" 401 590 "-" "Mozilla/5.0 (Windows NT 10.0; Win64; x64) AppleWebKit/537.36 (KHTML, like Gecko) Chrome/147.0.7727.15 Safari/537.36"
92.208.185.84 - labong [18/Apr/2026:13:10:29 +0000] "GET /tapeten HTTP/2.0" 307 14 "-" "Mozilla/5.0 (Windows NT 10.0; Win64; x64) AppleWebKit/537.36 (KHTML, like Gecko) Chrome/147.0.7727.15 Safari/537.36"
92.208.185.84 - labong [18/Apr/2026:13:10:30 +0000] "GET /en/wallpapers HTTP/2.0" 200 34424 "-" "Mozilla/5.0 (Windows NT 10.0; Win64; x64) AppleWebKit/537.36 (KHTML, like Gecko) Chrome/147.0.7727.15 Safari/537.36"
92.208.185.84 - labong [18/Apr/2026:13:10:30 +0000] "GET /_next/static/chunks/f76ed1461585ef88.css HTTP/2.0" 200 10732 "https://labong.de/en/wallpapers" "Mozilla/5.0 (Windows NT 10.0; Win64; x64) AppleWebKit/537.36 (KHTML, like Gecko) Chrome/147.0.7727.15 Safari/537.36"
92.208.185.84 - labong [18/Apr/2026:13:10:30 +0000] "GET /_next/static/chunks/73b3e447914a757b.js HTTP/2.0" 200 2186 "https://labong.de/en/wallpapers" "Mozilla/5.0 (Windows NT 10.0; Win64; x64) AppleWebKit/537.36 (KHTML, like Gecko) Chrome/147.0.7727.15 Safari/537.36"
92.208.185.84 - labong [18/Apr/2026:13:10:30 +0000] "GET /_next/static/chunks/db1c6f942c4cadae.js HTTP/2.0" 200 10823 "https://labong.de/en/wallpapers" "Mozilla/5.0 (Windows NT 10.0; Win64; x64) AppleWebKit/537.36 (KHTML, like Gecko) Chrome/147.0.7727.15 Safari/537.36"
92.208.185.84 - labong [18/Apr/2026:13:10:30 +0000] "GET /_next/static/chunks/turbopack-364d466d2a9eba68.js HTTP/2.0" 200 4032 "https://labong.de/en/wallpapers" "Mozilla/5.0 (Windows NT 10.0; Win64; x64) AppleWebKit/537.36 (KHTML, like Gecko) Chrome/147.0.7727.15 Safari/537.36"
92.208.185.84 - labong [18/Apr/2026:13:10:30 +0000] "GET /_next/static/chunks/a3078120b0aa10bc.js HTTP/2.0" 200 6548 "https://labong.de/en/wallpapers" "Mozilla/5.0 (Windows NT 10.0; Win64; x64) AppleWebKit/537.36 (KHTML, like Gecko) Chrome/147.0.7727.15 Safari/537.36"
92.208.185.84 - labong [18/Apr/2026:13:10:30 +0000] "GET /_next/static/chunks/30c8f243c2b0a685.js HTTP/2.0" 200 1270 "https://labong.de/en/wallpapers" "Mozilla/5.0 (Windows NT 10.0; Win64; x64) AppleWebKit/537.36 (KHTML, like Gecko) Chrome/147.0.7727.15 Safari/537.36"
92.208.185.84 - labong [18/Apr/2026:13:10:30 +0000] "GET /_next/static/chunks/e08f339d4c8b10fe.js HTTP/2.0" 200 21740 "https://labong.de/en/wallpapers" "Mozilla/5.0 (Windows NT 10.0; Win64; x64) AppleWebKit/537.36 (KHTML, like Gecko) Chrome/147.0.7727.15 Safari/537.36"
92.208.185.84 - labong [18/Apr/2026:13:10:30 +0000] "GET /_next/static/chunks/5f6838a6abf34268.js HTTP/2.0" 200 70110 "https://labong.de/en/wallpapers" "Mozilla/5.0 (Windows NT 10.0; Win64; x64) AppleWebKit/537.36 (KHTML, like Gecko) Chrome/147.0.7727.15 Safari/537.36"
92.208.185.84 - labong [18/Apr/2026:13:10:30 +0000] "GET /_next/static/chunks/c3e645d43aaeb9da.js HTTP/2.0" 200 12571 "https://labong.de/en/wallpapers" "Mozilla/5.0 (Windows NT 10.0; Win64; x64) AppleWebKit/537.36 (KHTML, like Gecko) Chrome/147.0.7727.15 Safari/537.36"
92.208.185.84 - labong [18/Apr/2026:13:10:30 +0000] "GET /_next/static/chunks/7410b5763f6af6e3.js HTTP/2.0" 200 11836 "https://labong.de/en/wallpapers" "Mozilla/5.0 (Windows NT 10.0; Win64; x64) AppleWebKit/537.36 (KHTML, like Gecko) Chrome/147.0.7727.15 Safari/537.36"
92.208.185.84 - labong [18/Apr/2026:13:10:30 +0000] "GET /_next/static/chunks/51ddee8f1e24f7fa.js HTTP/2.0" 200 12243 "https://labong.de/en/wallpapers" "Mozilla/5.0 (Windows NT 10.0; Win64; x64) AppleWebKit/537.36 (KHTML, like Gecko) Chrome/147.0.7727.15 Safari/537.36"
92.208.185.84 - labong [18/Apr/2026:13:10:30 +0000] "GET /_next/static/chunks/b93cf1f91c33d80e.js HTTP/2.0" 200 8486 "https://labong.de/en/wallpapers" "Mozilla/5.0 (Windows NT 10.0; Win64; x64) AppleWebKit/537.36 (KHTML, like Gecko) Chrome/147.0.7727.15 Safari/537.36"
92.208.185.84 - labong [18/Apr/2026:13:10:30 +0000] "GET /_next/static/chunks/376986e59c4fbac9.js HTTP/2.0" 200 14194 "https://labong.de/en/wallpapers" "Mozilla/5.0 (Windows NT 10.0; Win64; x64) AppleWebKit/537.36 (KHTML, like Gecko) Chrome/147.0.7727.15 Safari/537.36"
92.208.185.84 - labong [18/Apr/2026:13:10:30 +0000] "GET /_next/static/chunks/42d7458fc5bd27df.js HTTP/2.0" 200 9670 "https://labong.de/en/wallpapers" "Mozilla/5.0 (Windows NT 10.0; Win64; x64) AppleWebKit/537.36 (KHTML, like Gecko) Chrome/147.0.7727.15 Safari/537.36"
92.208.185.84 - labong [18/Apr/2026:13:10:30 +0000] "GET /_next/static/chunks/b8e74ae912dffce3.js HTTP/2.0" 200 16636 "https://labong.de/en/wallpapers" "Mozilla/5.0 (Windows NT 10.0; Win64; x64) AppleWebKit/537.36 (KHTML, like Gecko) Chrome/147.0.7727.15 Safari/537.36"
92.208.185.84 - labong [18/Apr/2026:13:10:30 +0000] "GET /_next/static/chunks/4dd763f9c6b7f215.js HTTP/2.0" 200 1173 "https://labong.de/en/wallpapers" "Mozilla/5.0 (Windows NT 10.0; Win64; x64) AppleWebKit/537.36 (KHTML, like Gecko) Chrome/147.0.7727.15 Safari/537.36"
92.208.185.84 - labong [18/Apr/2026:13:10:30 +0000] "GET /_next/static/chunks/ad23b6d7b68af2a1.js HTTP/2.0" 200 10312 "https://labong.de/en/wallpapers" "Mozilla/5.0 (Windows NT 10.0; Win64; x64) AppleWebKit/537.36 (KHTML, like Gecko) Chrome/147.0.7727.15 Safari/537.36"
92.208.185.84 - labong [18/Apr/2026:13:10:30 +0000] "GET /_next/image?url=https%3A%2F%2Fpd.fabstack.de%2Fv1%2Fassets%2F3cafc126-81ee-4720-a6c0-be5a6b833a64%2Fpublic&w=96&q=75 HTTP/2.0" 200 2790 "https://labong.de/en/wallpapers" "Mozilla/5.0 (Windows NT 10.0; Win64; x64) AppleWebKit/537.36 (KHTML, like Gecko) Chrome/147.0.7727.15 Safari/537.36"
92.208.185.84 - labong [18/Apr/2026:13:10:30 +0000] "GET /_next/image?url=https%3A%2F%2Fpd.fabstack.de%2Fv1%2Fassets%2F8812e642-8b20-4161-a750-ae102c436cc7%2Fpublic&w=96&q=75 HTTP/2.0" 200 1352 "https://labong.de/en/wallpapers" "Mozilla/5.0 (Windows NT 10.0; Win64; x64) AppleWebKit/537.36 (KHTML, like Gecko) Chrome/147.0.7727.15 Safari/537.36"
92.208.185.84 - labong [18/Apr/2026:13:10:30 +0000] "GET /_next/image?url=https%3A%2F%2Fpd.fabstack.de%2Fv1%2Fassets%2Fdb6a4a3c-9a77-498d-b388-ffb82a7aad20%2Fpublic&w=96&q=75 HTTP/2.0" 200 1008 "https://labong.de/en/wallpapers" "Mozilla/5.0 (Windows NT 10.0; Win64; x64) AppleWebKit/537.36 (KHTML, like Gecko) Chrome/147.0.7727.15 Safari/537.36"
92.208.185.84 - labong [18/Apr/2026:13:10:30 +0000] "GET /_next/image?url=https%3A%2F%2Fpd.fabstack.de%2Fv1%2Fassets%2F5ba912c2-c2e3-40cd-bdcb-3e463208598a%2Fpublic&w=96&q=75 HTTP/2.0" 200 1538 "https://labong.de/en/wallpapers" "Mozilla/5.0 (Windows NT 10.0; Win64; x64) AppleWebKit/537.36 (KHTML, like Gecko) Chrome/147.0.7727.15 Safari/537.36"
92.208.185.84 - labong [18/Apr/2026:13:10:30 +0000] "GET /_next/image?url=https%3A%2F%2Fpd.fabstack.de%2Fv1%2Fassets%2Fa10bd115-0be6-4e6c-9db9-b3b4fb0a70a7%2Fpublic&w=96&q=75 HTTP/2.0" 200 1864 "https://labong.de/en/wallpapers" "Mozilla/5.0 (Windows NT 10.0; Win64; x64) AppleWebKit/537.36 (KHTML, like Gecko) Chrome/147.0.7727.15 Safari/537.36"
92.208.185.84 - labong [18/Apr/2026:13:10:30 +0000] "GET /_next/image?url=https%3A%2F%2Fpd.fabstack.de%2Fv1%2Fassets%2F15f30ecf-53fb-449c-9ac6-e1cb8c1baf40%2Fpublic&w=96&q=75 HTTP/2.0" 200 234 "https://labong.de/en/wallpapers" "Mozilla/5.0 (Windows NT 10.0; Win64; x64) AppleWebKit/537.36 (KHTML, like Gecko) Chrome/147.0.7727.15 Safari/537.36"
92.208.185.84 - labong [18/Apr/2026:13:10:30 +0000] "GET /_next/image?url=https%3A%2F%2Fpd.fabstack.de%2Fv1%2Fassets%2F813d09f7-e47a-42f1-916d-9aabb4dc12f8%2Fpublic&w=96&q=75 HTTP/2.0" 200 632 "https://labong.de/en/wallpapers" "Mozilla/5.0 (Windows NT 10.0; Win64; x64) AppleWebKit/537.36 (KHTML, like Gecko) Chrome/147.0.7727.15 Safari/537.36"
92.208.185.84 - labong [18/Apr/2026:13:10:30 +0000] "GET /_next/image?url=https%3A%2F%2Fpd.fabstack.de%2Fv1%2Fassets%2Fcc6cd227-e4a7-4deb-91d3-01279ffbc045%2Fpublic&w=96&q=75 HTTP/2.0" 200 706 "https://labong.de/en/wallpapers" "Mozilla/5.0 (Windows NT 10.0; Win64; x64) AppleWebKit/537.36 (KHTML, like Gecko) Chrome/147.0.7727.15 Safari/537.36"
92.208.185.84 - labong [18/Apr/2026:13:10:30 +0000] "GET /_next/image?url=https%3A%2F%2Fpd.fabstack.de%2Fv1%2Fassets%2F7a314c7e-27d5-4993-a6a9-3057089aa156%2Fpublic&w=96&q=75 HTTP/2.0" 200 96 "https://labong.de/en/wallpapers" "Mozilla/5.0 (Windows NT 10.0; Win64; x64) AppleWebKit/537.36 (KHTML, like Gecko) Chrome/147.0.7727.15 Safari/537.36"
92.208.185.84 - labong [18/Apr/2026:13:10:30 +0000] "GET /_next/image?url=https%3A%2F%2Fpd.fabstack.de%2Fv1%2Fassets%2F5b320bbf-e17e-4c85-b5ba-3e5559a11a48%2Fpublic&w=96&q=75 HTTP/2.0" 200 1242 "https://labong.de/en/wallpapers" "Mozilla/5.0 (Windows NT 10.0; Win64; x64) AppleWebKit/537.36 (KHTML, like Gecko) Chrome/147.0.7727.15 Safari/537.36"
92.208.185.84 - labong [18/Apr/2026:13:10:30 +0000] "GET /_next/image?url=https%3A%2F%2Fpd.fabstack.de%2Fv1%2Fassets%2Fd033aa45-353a-4d8e-b075-7984583a601e%2Fpublic&w=96&q=75 HTTP/2.0" 200 1376 "https://labong.de/en/wallpapers" "Mozilla/5.0 (Windows NT 10.0; Win64; x64) AppleWebKit/537.36 (KHTML, like Gecko) Chrome/147.0.7727.15 Safari/537.36"
92.208.185.84 - labong [18/Apr/2026:13:10:30 +0000] "GET /_next/image?url=https%3A%2F%2Fpd.fabstack.de%2Fv1%2Fassets%2F98f693b3-80ff-4aa2-aa0d-70b608f0fcb1%2Fpublic&w=96&q=75 HTTP/2.0" 200 2158 "https://labong.de/en/wallpapers" "Mozilla/5.0 (Windows NT 10.0; Win64; x64) AppleWebKit/537.36 (KHTML, like Gecko) Chrome/147.0.7727.15 Safari/537.36"
92.208.185.84 - labong [18/Apr/2026:13:10:30 +0000] "GET /_next/image?url=https%3A%2F%2Fpd.fabstack.de%2Fv1%2Fassets%2F9bf1b988-b908-4e0f-b8b2-2b0802465e17%2Fpublic&w=96&q=75 HTTP/2.0" 200 1922 "https://labong.de/en/wallpapers" "Mozilla/5.0 (Windows NT 10.0; Win64; x64) AppleWebKit/537.36 (KHTML, like Gecko) Chrome/147.0.7727.15 Safari/537.36"
92.208.185.84 - labong [18/Apr/2026:13:10:30 +0000] "GET /_next/image?url=https%3A%2F%2Fpd.fabstack.de%2Fv1%2Fassets%2Ffda9d007-ce4f-437a-ab6c-7a463ab80f12%2Fpublic&w=96&q=75 HTTP/2.0" 200 3298 "https://labong.de/en/wallpapers" "Mozilla/5.0 (Windows NT 10.0; Win64; x64) AppleWebKit/537.36 (KHTML, like Gecko) Chrome/147.0.7727.15 Safari/537.36"
92.208.185.84 - labong [18/Apr/2026:13:10:30 +0000] "GET /_next/image?url=https%3A%2F%2Fpd.fabstack.de%2Fv1%2Fassets%2Fdac43f13-5272-4a46-beae-c6f4be6461ad%2Fpublic&w=96&q=75 HTTP/2.0" 200 1228 "https://labong.de/en/wallpapers" "Mozilla/5.0 (Windows NT 10.0; Win64; x64) AppleWebKit/537.36 (KHTML, like Gecko) Chrome/147.0.7727.15 Safari/537.36"
92.208.185.84 - labong [18/Apr/2026:13:10:30 +0000] "GET /_next/image?url=https%3A%2F%2Fpd.fabstack.de%2Fv1%2Fassets%2Fe6ca3a8a-0a4b-424c-9ebd-5b852ee28439%2Fpublic&w=96&q=75 HTTP/2.0" 200 1750 "https://labong.de/en/wallpapers" "Mozilla/5.0 (Windows NT 10.0; Win64; x64) AppleWebKit/537.36 (KHTML, like Gecko) Chrome/147.0.7727.15 Safari/537.36"
92.208.185.84 - labong [18/Apr/2026:13:10:30 +0000] "GET /_next/image?url=https%3A%2F%2Fpd.fabstack.de%2Fv1%2Fassets%2Fe211b7b8-d156-4f2f-bd88-9f12ee9c979f%2Fpublic&w=96&q=75 HTTP/2.0" 200 2170 "https://labong.de/en/wallpapers" "Mozilla/5.0 (Windows NT 10.0; Win64; x64) AppleWebKit/537.36 (KHTML, like Gecko) Chrome/147.0.7727.15 Safari/537.36"
92.208.185.84 - labong [18/Apr/2026:13:10:30 +0000] "GET /_next/image?url=https%3A%2F%2Fpd.fabstack.de%2Fv1%2Fassets%2Fba9d1b2f-6710-4db5-b474-2e5c96372981%2Fpublic&w=96&q=75 HTTP/2.0" 200 1398 "https://labong.de/en/wallpapers" "Mozilla/5.0 (Windows NT 10.0; Win64; x64) AppleWebKit/537.36 (KHTML, like Gecko) Chrome/147.0.7727.15 Safari/537.36"
92.208.185.84 - labong [18/Apr/2026:13:10:30 +0000] "GET /_next/image?url=https%3A%2F%2Fpd.fabstack.de%2Fv1%2Fassets%2Fe2e350a8-75db-4d36-811a-d9f1ada7541a%2Fpublic&w=96&q=75 HTTP/2.0" 200 1398 "https://labong.de/en/wallpapers" "Mozilla/5.0 (Windows NT 10.0; Win64; x64) AppleWebKit/537.36 (KHTML, like Gecko) Chrome/147.0.7727.15 Safari/537.36"
92.208.185.84 - labong [18/Apr/2026:13:10:30 +0000] "GET /_next/image?url=https%3A%2F%2Fpd.fabstack.de%2Fv1%2Fassets%2F049517de-e6b1-4b4f-859b-b4702a68afe8%2Fpublic&w=96&q=75 HTTP/2.0" 200 2766 "https://labong.de/en/wallpapers" "Mozilla/5.0 (Windows NT 10.0; Win64; x64) AppleWebKit/537.36 (KHTML, like Gecko) Chrome/147.0.7727.15 Safari/537.36"
92.208.185.84 - labong [18/Apr/2026:13:10:30 +0000] "GET /_next/image?url=https%3A%2F%2Fpd.fabstack.de%2Fv1%2Fassets%2F59b1f442-b680-46f6-86bf-b4aa4104a6c7%2Fpublic&w=96&q=75 HTTP/2.0" 200 1710 "https://labong.de/en/wallpapers" "Mozilla/5.0 (Windows NT 10.0; Win64; x64) AppleWebKit/537.36 (KHTML, like Gecko) Chrome/147.0.7727.15 Safari/537.36"
92.208.185.84 - labong [18/Apr/2026:13:10:30 +0000] "GET /_next/image?url=https%3A%2F%2Fpd.fabstack.de%2Fv1%2Fassets%2F2fc9b6a7-0711-4d3d-998f-8366d3115f24%2Fpublic&w=96&q=75 HTTP/2.0" 200 1674 "https://labong.de/en/wallpapers" "Mozilla/5.0 (Windows NT 10.0; Win64; x64) AppleWebKit/537.36 (KHTML, like Gecko) Chrome/147.0.7727.15 Safari/537.36"
92.208.185.84 - labong [18/Apr/2026:13:10:30 +0000] "GET /_next/image?url=https%3A%2F%2Fpd.fabstack.de%2Fv1%2Fassets%2F1a996ad9-c096-4f33-8d6f-63f52ac2677e%2Fpublic&w=96&q=75 HTTP/2.0" 200 2176 "https://labong.de/en/wallpapers" "Mozilla/5.0 (Windows NT 10.0; Win64; x64) AppleWebKit/537.36 (KHTML, like Gecko) Chrome/147.0.7727.15 Safari/537.36"
92.208.185.84 - labong [18/Apr/2026:13:10:30 +0000] "GET /_next/image?url=https%3A%2F%2Fpd.fabstack.de%2Fv1%2Fassets%2Ff3d06f68-eb4f-463d-ba3b-e6687c905fe3%2Fpublic&w=96&q=75 HTTP/2.0" 200 1090 "https://labong.de/en/wallpapers" "Mozilla/5.0 (Windows NT 10.0; Win64; x64) AppleWebKit/537.36 (KHTML, like Gecko) Chrome/147.0.7727.15 Safari/537.36"
92.208.185.84 - labong [18/Apr/2026:13:10:30 +0000] "GET /_next/image?url=https%3A%2F%2Fpd.fabstack.de%2Fv1%2Fassets%2Fe2e837a6-9b61-458c-9753-10781d5fc546%2Fpublic&w=96&q=75 HTTP/2.0" 200 222 "https://labong.de/en/wallpapers" "Mozilla/5.0 (Windows NT 10.0; Win64; x64) AppleWebKit/537.36 (KHTML, like Gecko) Chrome/147.0.7727.15 Safari/537.36"
